<!DOCTYPE html>
<html>
<head><meta http-equiv="Content-Type" content="text/html; charset=utf-8"></head>
    <title>Test</title>
    <body style="padding: 0; margin: 0;">
    <table style="width: 100%;">
        <tr>
            <th>Order #</th>
            <td style="padding: 5px;"></td>
        </tr>
        <tr>
            <th>Order date</th>
            <td style="padding: 5px;">July 23, 2018 00:00</td>
        </tr>
        <tr>
            <th>Reference</th>
            <td style="padding: 5px;"></td>
        </tr>
        <tr>
            <td colspan="2" class="greeting" style="padding: 5px;"></td>
        </tr>
        <tr>
            <td colspan="2" class="message" style="padding: 5px;"></td>
        </tr>
        <tr>
            <td colspan="2" class="footer" style="padding: 5px;"></td>
        </tr>
    </table>
    </body>
    </html>
